// Jest Snapshot v1, https://goo.gl/fbAQLP

exports[`CheckInfoCard renders correctly 1`] = `
<div
  className="checkInfo"
>
  <div
    className="leftSide"
  >
    <div
      className="title"
    >
      save, saves, saved, safe, salvation
    </div>
  </div>
  <div
    className="rightSide"
  >
    <div
      className="phrase"
    >
      <div
        dangerouslySetInnerHTML={
          Object {
            "__html": "<p>The term &quot;save&quot; refers to keeping someone from experiencing something bad or harmful. To &quot;be safe&quot; means to be protected from harm or danger.</p>
",
          }
        }
        style={
          Object {
            "color": "#fff",
          }
        }
      />
    </div>
    <div
      className="linkActive"
      onClick={[Function]}
    >
      See More
    </div>
  </div>
</div>
`;
