// Jest Snapshot v1, https://goo.gl/fbAQLP

exports[`VerseEditor component: should render 1`] = `null`;
